MO clock_divider NULL clock_divider.v vlg1E/clock__divider.bin 1596918003
MO rotary_direction NULL rotary_direction.v vlg11/rotary__direction.bin 1596918944
MO monitor_color_generator NULL monitor_color_generator.v vlg28/monitor__color__generator.bin 1596918944
MO Rotary_Filter NULL Rotary_Filter.v vlg7E/_rotary___filter.bin 1596918944
